the zero value: 
table sample 0: 0a0102
table sample 1: 0a03018002
table sample 2: 
table sample 3: 0a03808002
table sample 4: 0a078102feffffff0f
table sample 5: 
table sample 6: 0a05ffffffff0f
table sample 7: 0a020002
the sample of field Values32: 0a0102
wide sample 0: 0a0102
wide sample 1: 0a0104
the key sample: 0a03018002
DecodeKanon/decodes each prefix of a field as the reference decode: 42 probes, digest 92a7c74e0bcbde7c
DecodeKanon/decodes a field with one value written wrong as the reference decode: 37 probes, digest 4508247485a3e786
DecodeKanon/decodes a field with a value that its ValidateKanon rejects as the reference decode: 0 probes, digest cbf29ce484222325
DecodeKanon/decodes a field with one changed byte as the reference decode: 105 probes, digest 58c35493fc781604
DecodeKanon/decodes a field with its tag in another wire format as the reference decode: 21 probes, digest f4843bc75a049148
DecodeKanon/decodes a field written twice as the reference decode: 7 probes, digest 6a2606aaf89772a5
DecodeKanon/decodes a field under each depth limit as the reference decode: 90 probes, digest caf3f38c00937378
DecodeKanon/decodes an encoding that writes every field twice as the reference decode: 13 probes, digest 9d7658ad2421aa31
DecodeKanon/decodes two concatenated encodings as the reference decode: 64 probes, digest fae9a21661a369d3
DecodeKanon/decodes an encoding in a slab at its offset as the reference decode: 13 probes, digest 824327d9eed1381f
DecodeKanon/decodes a field with a varint one byte longer than its shortest form as the reference decode: 23 probes, digest a46f6698f3dbfc60
DecodeKanon/decodes an encoding with two adjacent fields swapped as the reference decode: 0 probes, digest cbf29ce484222325
DecodeKanon/decodes an encoding with two adjacent map entries swapped as the reference decode: 0 probes, digest cbf29ce484222325
DecodeKanon/decodes an encoding with unknown fields at a field boundary as the reference decode: 17 probes, digest 9886bf19af7494c0
DecodeKanon/decodes an encoding with a field written at its zero value as the reference decode: 10 probes, digest 8ccfb1ac8bd8f015
DecodeKanon/decodes an encoding with a malformed tag at a field boundary as the reference decode: 51 probes, digest 54b1b801e7223cbe
DecodeKanon/decodes an encoding with a float component of a map key of -0.0 as the reference decode: 0 probes, digest cbf29ce484222325
DecodeKanon/decodes an encoding with a value written as zero bytes as the reference decode: 7 probes, digest 33b448e05199b4cb
the samples that the encode allocation checks measure: 10 samples, digest 23c02c187c6cfeee
the samples that the decode allocation check measures: 10 samples, digest 23c02c187c6cfeee
