the zero value: 
table sample 0: 0a00
table sample 1: 0a0c080110ff93ebdc0318efc401
table sample 2: 0a0d08fe85a2ffdf0e10ff93ebdc03
table sample 3: 
table sample 4: 0a0a08ffdb8ff9ce0318a038
table sample 5: 0a070880fce7958f21
table sample 6: 0a0708ffdb8ff9ce03
table sample 7: 
the sample of field Time: 0a00
wide sample 0: 0a05080418a038
wide sample 1: 0a05080618a038
the key sample: 0a0c080110ff93ebdc0318efc401
DecodeKanon/decodes each prefix of a field between unknown fields as the reference decode: 283 probes, digest 31db65284f649770
DecodeKanon/decodes a field between unknown fields with one value written wrong as the reference decode: 55 probes, digest c793f2a33d6b444a
DecodeKanon/decodes a field between unknown fields with a value that its ValidateKanon rejects as the reference decode: 0 probes, digest cbf29ce484222325
DecodeKanon/decodes a field between unknown fields with one changed byte as the reference decode: 183 probes, digest 2475944fd779c6f3
DecodeKanon/decodes a field between unknown fields with its tag in another wire format as the reference decode: 18 probes, digest d91606e45757cc26
DecodeKanon/decodes a field between unknown fields written twice as the reference decode: 6 probes, digest e931be62cddde2af
DecodeKanon/decodes a field between unknown fields under each depth limit as the reference decode: 40 probes, digest eb8c4ce9ac7d32fe
DecodeKanon/decodes an encoding that writes every field twice as the reference decode: 13 probes, digest 775f0a99dbfe7042
DecodeKanon/decodes two concatenated encodings as the reference decode: 64 probes, digest 7feea345e25b196e
DecodeKanon/decodes an encoding in a slab at its offset as the reference decode: 13 probes, digest 89a9c76abc530160
the samples that the encode allocation checks measure: 10 samples, digest 4954ea90671bf2ac
the samples that the decode allocation check measures: 10 samples, digest 4954ea90671bf2ac
